cargo :    Compiling soroban-debugger v0.1.0 
(C:\Users\owner\Projects\soroban-debugger)
At line:1 char:1
+ cargo test codegen::test_gen 2>&1 | Out-File -FilePath test_output.tx ...
+ ~~~~~~~~~~~~~~~~~~~~~~~~~~~~~~~~~
    + CategoryInfo          : NotSpecified: (   Compiling so...roban-debugger):Str 
   ing) [], RemoteException
    + FullyQualifiedErrorId : NativeCommandError
 
error[E0599]: no function or associated item named `new` found for struct 
`test_gen::TestGenerator` in the current scope
  --> src\codegen\test_gen_tests.rs:10:40
   |
10 |         let generator = TestGenerator::new(dir.path().to_path_buf());
   |                                        ^^^ function or associated item not 
found in `TestGenerator`
   |
  ::: src\codegen\test_gen.rs:8:1
   |
8  | pub struct TestGenerator;
   | ------------------------ function or associated item `new` not found for this 
struct
   |
   = help: items from traits can only be used if the trait is implemented and in 
scope
   = note: the following traits define an item `new`, perhaps you need to 
implement one of them:
           candidate #1: `Bit`
           candidate #2: `KeyInit`
           candidate #3: `KeyIvInit`
           candidate #4: `Mac`
           candidate #5: `VariableOutput`
           candidate #6: `VariableOutputCore`
           candidate #7: `ark_ec::hashing::HashToCurve`
           candidate #8: `ark_ec::hashing::map_to_curve_hasher::MapToCurve`
           candidate #9: `ark_ff::fields::field_hashers::HashToField`
           candidate #10: `ark_poly::domain::EvaluationDomain`
           candidate #11: `ark_poly::polynomial::multivariate::Term`
           candidate #12: 
`curve25519_dalek::traits::VartimePrecomputedMultiscalarMul`
           candidate #13: `gimli::read::lookup::PubStuffEntry`
           candidate #14: `itertools::adaptors::coalesce::CountItem`
           candidate #15: `itertools::adaptors::coalesce::CountItem`
           candidate #16: `parking_lot_core::thread_parker::ThreadParkerT`
           candidate #17: `rand::distributions::uniform::UniformSampler`
           candidate #18: 
`serde_with::duplicate_key_impls::error_on_duplicate::PreventDuplicateInsertsMap`
           candidate #19: 
`serde_with::duplicate_key_impls::error_on_duplicate::PreventDuplicateInsertsSet`
           candidate #20: 
`serde_with::duplicate_key_impls::first_value_wins::DuplicateInsertsFirstWinsMap`
           candidate #21: 
`serde_with::duplicate_key_impls::last_value_wins::DuplicateInsertsLastWinsSet`
           candidate #22: `sha2::Digest`

For more information about this error, try `rustc --explain E0599`.
error: could not compile `soroban-debugger` (lib test) due to 1 previous error
